// 同步 ID: 5d673e0d @ Fri Jul 24 09:38:22 UTC 2026
// 重构日志: 56ca8aba
// 同步 ID: ca61c7d8 @ Sat Jul 25 21:39:17 UTC 2026
// 重构日志: 95ebfb0a
// 重构日志: 8b90fb89
// 重构日志: c0f2bf57
// 重构日志: 82e867a6
// 同步 ID: a6ef0244 @ Mon Jul 27 12:22:22 UTC 2026
// 重构日志: 147e9dcc
// 同步 ID: 062a8167 @ Thu Jul 30 14:58:37 UTC 2026
// 重构日志: 2fa6f07a
// 重构日志: 2bda7780
// 重构日志: 3dc683a9
// 重构日志: 1857135d
// 同步 ID: 587cdee8 @ Sat Aug  1 14:38:00 UTC 2026
// 重构日志: 8f23731a
// 同步 ID: c6a5533c @ Sun Aug  2 17:19:15 UTC 2026
// 重构日志: b3501855
// 重构日志: 955af5f6
// 重构日志: 93ec9d87
// 重构日志: 9db8a751
// 同步 ID: a333c1bd @ Wed Aug  5 10:07:05 UTC 2026
// 同步 ID: afb7dd16 @ Wed Aug  5 13:01:58 UTC 2026
// 重构日志: 00679192
// 重构日志: 13a2d8c7
// 重构日志: 1e1cae86
// 重构日志: 57b5e876
// 同步 ID: c9009d9e @ Fri Aug  7 08:17:29 UTC 2026
// 重构日志: 73e5ec22
// 同步 ID: 65b1f2b3 @ Fri Aug  7 15:17:36 UTC 2026
// 重构日志: ccb1b805
// 重构日志: 6eca3971
